CCS PCM C Compiler, Version 5.015, 5967               01-dic.-24 18:38

               Filename:   C:\Users\Joss\Desktop\Meca\Programacion\Codigos pic\semaforo A.lst

               ROM used:   223 words (3%)
                           Largest free fragment is 2048
               RAM used:   6 (2%) at main() level
                           7 (2%) worst case
               Stack used: 1 locations
               Stack size: 8

*
0000:  MOVLW  00
0001:  MOVWF  0A
0002:  GOTO   018
0003:  NOP
.................... #include <16F877A.h> 
.................... //////////// Standard Header file for the PIC16F877A device //////////////// 
.................... /////////////////////////////////////////////////////////////////////////// 
.................... ////        (C) Copyright 1996, 2013 Custom Computer Services          //// 
.................... //// This source code may only be used by licensed users of the CCS C  //// 
.................... //// compiler.  This source code may only be distributed to other      //// 
.................... //// licensed users of the CCS C compiler.  No other use, reproduction //// 
.................... //// or distribution is permitted without written permission.          //// 
.................... //// Derivative programs created using this software in object code    //// 
.................... //// form are not restricted in any way.                               //// 
.................... /////////////////////////////////////////////////////////////////////////// 
.................... #device PIC16F877A 
....................  
.................... #list 
....................  
.................... #fuses NOWDT, XT 
.................... #use delay(clock=20M) 
0004:  MOVLW  22
0005:  MOVWF  04
0006:  BCF    03.7
0007:  MOVF   00,W
0008:  BTFSC  03.2
0009:  GOTO   017
000A:  MOVLW  06
000B:  MOVWF  78
000C:  CLRF   77
000D:  DECFSZ 77,F
000E:  GOTO   00D
000F:  DECFSZ 78,F
0010:  GOTO   00C
0011:  MOVLW  7B
0012:  MOVWF  77
0013:  DECFSZ 77,F
0014:  GOTO   013
0015:  DECFSZ 00,F
0016:  GOTO   00A
0017:  RETURN
....................  
.................... void main() { 
0018:  MOVF   03,W
0019:  ANDLW  1F
001A:  MOVWF  03
001B:  BSF    03.5
001C:  BSF    1F.0
001D:  BSF    1F.1
001E:  BSF    1F.2
001F:  BCF    1F.3
0020:  MOVLW  07
0021:  MOVWF  1C
0022:  BCF    03.7
....................     while (TRUE) { 
....................         // Secuencia 1 
....................         
....................         output_high(PIN_A0); 
0023:  BCF    05.0
0024:  BCF    03.5
0025:  BSF    05.0
....................         output_high(PIN_A5); 
0026:  BSF    03.5
0027:  BCF    05.5
0028:  BCF    03.5
0029:  BSF    05.5
....................         output_high(PIN_D3); 
002A:  BSF    03.5
002B:  BCF    08.3
002C:  BCF    03.5
002D:  BSF    08.3
....................         delay_ms(2000);  
002E:  MOVLW  08
002F:  MOVWF  21
0030:  MOVLW  FA
0031:  MOVWF  22
0032:  CALL   004
0033:  DECFSZ 21,F
0034:  GOTO   030
....................  
....................         output_low(PIN_A0); 
0035:  BSF    03.5
0036:  BCF    05.0
0037:  BCF    03.5
0038:  BCF    05.0
....................         output_low(PIN_A5); 
0039:  BSF    03.5
003A:  BCF    05.5
003B:  BCF    03.5
003C:  BCF    05.5
....................         output_low(PIN_D3); 
003D:  BSF    03.5
003E:  BCF    08.3
003F:  BCF    03.5
0040:  BCF    08.3
....................         delay_ms(0);  
....................          
....................         output_high(PIN_A0); 
0041:  BSF    03.5
0042:  BCF    05.0
0043:  BCF    03.5
0044:  BSF    05.0
....................         output_high(PIN_A5); 
0045:  BSF    03.5
0046:  BCF    05.5
0047:  BCF    03.5
0048:  BSF    05.5
....................         output_high(PIN_D1); 
0049:  BSF    03.5
004A:  BCF    08.1
004B:  BCF    03.5
004C:  BSF    08.1
....................         delay_ms(2000);  
004D:  MOVLW  08
004E:  MOVWF  21
004F:  MOVLW  FA
0050:  MOVWF  22
0051:  CALL   004
0052:  DECFSZ 21,F
0053:  GOTO   04F
....................  
....................         output_low(PIN_A0); 
0054:  BSF    03.5
0055:  BCF    05.0
0056:  BCF    03.5
0057:  BCF    05.0
....................         output_low(PIN_A5); 
0058:  BSF    03.5
0059:  BCF    05.5
005A:  BCF    03.5
005B:  BCF    05.5
....................         output_low(PIN_D1); 
005C:  BSF    03.5
005D:  BCF    08.1
005E:  BCF    03.5
005F:  BCF    08.1
....................         delay_ms(0); 
....................          
....................         //Secuencia 2 
....................          
....................         output_high(PIN_D0); 
0060:  BSF    03.5
0061:  BCF    08.0
0062:  BCF    03.5
0063:  BSF    08.0
....................         output_high(PIN_A5); 
0064:  BSF    03.5
0065:  BCF    05.5
0066:  BCF    03.5
0067:  BSF    05.5
....................         output_high(PIN_A2); 
0068:  BSF    03.5
0069:  BCF    05.2
006A:  BCF    03.5
006B:  BSF    05.2
....................         delay_ms(2000);  
006C:  MOVLW  08
006D:  MOVWF  21
006E:  MOVLW  FA
006F:  MOVWF  22
0070:  CALL   004
0071:  DECFSZ 21,F
0072:  GOTO   06E
....................  
....................         output_low(PIN_D0); 
0073:  BSF    03.5
0074:  BCF    08.0
0075:  BCF    03.5
0076:  BCF    08.0
....................         output_low(PIN_A5); 
0077:  BSF    03.5
0078:  BCF    05.5
0079:  BCF    03.5
007A:  BCF    05.5
....................         output_low(PIN_A2); 
007B:  BSF    03.5
007C:  BCF    05.2
007D:  BCF    03.5
007E:  BCF    05.2
....................         delay_ms(0);  
....................          
....................         output_high(PIN_D0); 
007F:  BSF    03.5
0080:  BCF    08.0
0081:  BCF    03.5
0082:  BSF    08.0
....................         output_high(PIN_A5); 
0083:  BSF    03.5
0084:  BCF    05.5
0085:  BCF    03.5
0086:  BSF    05.5
....................         output_high(PIN_A1); 
0087:  BSF    03.5
0088:  BCF    05.1
0089:  BCF    03.5
008A:  BSF    05.1
....................         delay_ms(2000);  
008B:  MOVLW  08
008C:  MOVWF  21
008D:  MOVLW  FA
008E:  MOVWF  22
008F:  CALL   004
0090:  DECFSZ 21,F
0091:  GOTO   08D
....................  
....................         output_low(PIN_D0); 
0092:  BSF    03.5
0093:  BCF    08.0
0094:  BCF    03.5
0095:  BCF    08.0
....................         output_low(PIN_A5); 
0096:  BSF    03.5
0097:  BCF    05.5
0098:  BCF    03.5
0099:  BCF    05.5
....................         output_low(PIN_A1); 
009A:  BSF    03.5
009B:  BCF    05.1
009C:  BCF    03.5
009D:  BCF    05.1
....................         delay_ms(0); 
....................   
....................         //Secuencia 3 
....................       
....................         output_high(PIN_A0); 
009E:  BSF    03.5
009F:  BCF    05.0
00A0:  BCF    03.5
00A1:  BSF    05.0
....................         output_high(PIN_D0); 
00A2:  BSF    03.5
00A3:  BCF    08.0
00A4:  BCF    03.5
00A5:  BSF    08.0
....................         output_high(PIN_E1); 
00A6:  BSF    03.5
00A7:  BCF    09.1
00A8:  BCF    03.5
00A9:  BSF    09.1
....................         delay_ms(2000);  
00AA:  MOVLW  08
00AB:  MOVWF  21
00AC:  MOVLW  FA
00AD:  MOVWF  22
00AE:  CALL   004
00AF:  DECFSZ 21,F
00B0:  GOTO   0AC
....................  
....................         output_low(PIN_A0); 
00B1:  BSF    03.5
00B2:  BCF    05.0
00B3:  BCF    03.5
00B4:  BCF    05.0
....................         output_low(PIN_D0); 
00B5:  BSF    03.5
00B6:  BCF    08.0
00B7:  BCF    03.5
00B8:  BCF    08.0
....................         output_low(PIN_E1); 
00B9:  BSF    03.5
00BA:  BCF    09.1
00BB:  BCF    03.5
00BC:  BCF    09.1
....................         delay_ms(0);  
....................          
....................         output_high(PIN_A0); 
00BD:  BSF    03.5
00BE:  BCF    05.0
00BF:  BCF    03.5
00C0:  BSF    05.0
....................         output_high(PIN_D0); 
00C1:  BSF    03.5
00C2:  BCF    08.0
00C3:  BCF    03.5
00C4:  BSF    08.0
....................         output_high(PIN_E0); 
00C5:  BSF    03.5
00C6:  BCF    09.0
00C7:  BCF    03.5
00C8:  BSF    09.0
....................         delay_ms(2000);  
00C9:  MOVLW  08
00CA:  MOVWF  21
00CB:  MOVLW  FA
00CC:  MOVWF  22
00CD:  CALL   004
00CE:  DECFSZ 21,F
00CF:  GOTO   0CB
....................  
....................         output_low(PIN_A0); 
00D0:  BSF    03.5
00D1:  BCF    05.0
00D2:  BCF    03.5
00D3:  BCF    05.0
....................         output_low(PIN_D0); 
00D4:  BSF    03.5
00D5:  BCF    08.0
00D6:  BCF    03.5
00D7:  BCF    08.0
....................         output_low(PIN_E0); 
00D8:  BSF    03.5
00D9:  BCF    09.0
00DA:  BCF    03.5
00DB:  BCF    09.0
....................         delay_ms(0); 
00DC:  BSF    03.5
00DD:  GOTO   023
....................  
....................         } 
.................... } 
....................  
00DE:  SLEEP

Configuration Fuses:
   Word  1: 3F71   XT NOWDT PUT BROWNOUT NOLVP NOCPD NOWRT NODEBUG NOPROTECT
